2022-02-23 13:57:06 INFO  DaoImpl2:11 - ceci est un test de log ...
2022-02-23 13:57:06 ERROR DaoImpl2:12 - voila une erreur ...
2022-02-23 13:57:06 WARN  DaoImpl2:13 - ceci est un message de warning !
